=== parse_options fp8 heuristic (opts={}, per capability) ===
capability=70  cap//10=7
    supported_fp8_dtypes = ('fp8e4b15', 'fp8e5')
    deprecated_fp8_dtypes = ()
    effective_usable_fp8 = ('fp8e4b15', 'fp8e5')
    max_num_imprecise_acc_default = 0
capability=80  cap//10=8
    supported_fp8_dtypes = ('fp8e4b15', 'fp8e5')
    deprecated_fp8_dtypes = ()
    effective_usable_fp8 = ('fp8e4b15', 'fp8e5')
    max_num_imprecise_acc_default = 0
capability=86  cap//10=8
    supported_fp8_dtypes = ('fp8e4b15', 'fp8e5')
    deprecated_fp8_dtypes = ()
    effective_usable_fp8 = ('fp8e4b15', 'fp8e5')
    max_num_imprecise_acc_default = 0
capability=89  cap//10=8
    supported_fp8_dtypes = ('fp8e4b15', 'fp8e4nv', 'fp8e5')
    deprecated_fp8_dtypes = ()
    effective_usable_fp8 = ('fp8e4b15', 'fp8e4nv', 'fp8e5')
    max_num_imprecise_acc_default = 0
capability=90  cap//10=9
    supported_fp8_dtypes = ('fp8e4b15', 'fp8e4nv', 'fp8e5')
    deprecated_fp8_dtypes = ('fp8e4b15',)
    effective_usable_fp8 = ('fp8e4nv', 'fp8e5')
    max_num_imprecise_acc_default = 1073741824

=== make_ttgir capability//10 gates (per capability) ===
capability=70  cap//10=7  ge8=False  ge9=False
capability=80  cap//10=8  ge8=True  ge9=False
capability=86  cap//10=8  ge8=True  ge9=False
capability=89  cap//10=8  ge8=True  ge9=False
capability=90  cap//10=9  ge8=True  ge9=True

=== num_warps power-of-2 check (__post_init__ L122) ===
num_warps=1  is_pow2=True
num_warps=2  is_pow2=True
num_warps=3  is_pow2=False
num_warps=4  is_pow2=True
num_warps=6  is_pow2=False
num_warps=8  is_pow2=True
